// Jest Snapshot v1, https://goo.gl/fbAQLP

exports[`Budget page should match snapshot 1`] = `
<Page
  pageName="budget"
>
  <div
    id="budget-main-content"
  >
    <WhatIsTheBudget />
    <BudgetCycle />
    <BudgetSteps />
    <BudgetClassifications />
    <BudgetSpent />
    <BudgetWhatFor />
    <BudgetWho />
    <BudgetChart />
    <BudgetInflation />
    <BudgetAnalysis />
    <BudgetExampleAnalysis />
    <BudgetActions />
  </div>
</Page>
`;
