// Jest Snapshot v1, https://goo.gl/fbAQLP

exports[`Header component should match snapshot 1`] = `
<div
  id="header"
>
  <div
    id="header-content"
  >
    <a
      href="/"
      id="header-logo"
    />
    <input
      id="header-menu-toggle"
      type="checkbox"
    />
    <label
      htmlFor="header-menu-toggle"
      id="header-menu"
    />
    <ul
      id="header-menu-links"
    >
      <li
        id="home"
      >
        <a
          href="/"
        >
          INICIO
        </a>
      </li>
      <li
        id="monitor"
      >
        <a
          href="/monitor"
        >
          MONITOR
        </a>
      </li>
      <li
        id="about"
      >
        <a
          href="/acerca-de"
        >
          ACERCA DE
        </a>
      </li>
      <li
        id="twitter"
      >
        <a
          href="https://twitter.com/ACIJargentina"
          rel="noopener noreferrer"
          target="_blank"
        >
          <img
            alt="twitter"
            src="/static/twitter.svg"
          />
        </a>
      </li>
      <li
        id="facebook"
      >
        <a
          href="https://www.facebook.com/ACIJ.ORG"
          rel="noopener noreferrer"
          target="_blank"
        >
          <img
            alt="facebook"
            src="/static/facebook.svg"
          />
        </a>
      </li>
      <li
        id="github"
      >
        <a
          href="https://github.com/acij-ar/monitor-presupuestario"
          rel="noopener noreferrer"
          target="_blank"
        >
          <img
            alt="github"
            src="/static/github.svg"
          />
        </a>
      </li>
    </ul>
  </div>
</div>
`;
