// Jest Snapshot v1, https://goo.gl/fbAQLP

exports[`Footer component should match snapshot 1`] = `
<div
  id="footer"
>
  <div
    id="footer-content"
  >
    <span
      id="acij-initiative"
    >
      UNA INICIATIVA DE
    </span>
    <a
      href="http://acij.org.ar/"
      id="acij-link"
      rel="noopener noreferrer"
      target="_blank"
    >
      <img
        alt="ACIJ"
        src="/static/logo-acij-small.png"
      />
    </a>
    <a
      className="social-link"
      href="https://twitter.com/ACIJargentina"
      rel="noopener noreferrer"
      target="_blank"
    >
      <img
        alt="twitter"
        src="/static/twitter.svg"
      />
    </a>
    <a
      className="social-link"
      href="https://www.facebook.com/ACIJ.ORG"
      rel="noopener noreferrer"
      target="_blank"
    >
      <img
        alt="facebook"
        src="/static/facebook.svg"
      />
    </a>
    <a
      className="social-link"
      href="https://github.com/acij-ar/monitor-presupuestario"
      rel="noopener noreferrer"
      target="_blank"
    >
      <img
        alt="github"
        src="/static/github.svg"
      />
    </a>
  </div>
</div>
`;
