// Jest Snapshot v1, https://goo.gl/fbAQLP

exports[`ContentSection component should match snapshot 1`] = `
<div
  className="content-section"
>
  <h1
    className="content-section-title"
  >
    mocked title
  </h1>
  <div
    className="content-section-content"
  >
    Some content
  </div>
</div>
`;
