// Jest Snapshot v1, https://goo.gl/fbAQLP

exports[`AboutACIJ component should match snapshot 1`] = `
<ContentSection
  id="about-acij"
  title="ACIJ"
>
  <p>
    La Asociación Civil por la Igualdad y la Justicia (ACIJ) es una organización apartidaria, sin fines de lucro, dedicada a la defensa de los derechos de los grupos más desfavorecidos de la sociedad y el fortalecimiento de la democracia en Argentina.
  </p>
  <p>
    Fundada en 2002, ACIJ tiene por objetivos defender la efectiva vigencia de la Constitución Nacional y los principios del estado de derecho, promover el cumplimiento de las leyes que protegen a los grupos desaventajados y la erradicación de toda práctica discriminatoria, así como también contribuir al desarrollo de prácticas participativas y deliberativas de la democracia.
  </p>
</ContentSection>
`;
